<?xml version="1.0" encoding="UTF-8"?>
<testsuites name="jest tests" tests="2" failures="0" errors="0" time="0.806">
  <testsuite name="Decimal to Binary API" errors="0" failures="0" skipped="0" timestamp="2026-08-28T02:44:57" time="0.702" tests="2">
    <testcase classname="Decimal to Binary API deve retornar um número binário se o número informado for um decimal válido" name="Decimal to Binary API deve retornar um número binário se o número informado for um decimal válido" time="0.037">
    </testcase>
    <testcase classname="Decimal to Binary API deve retornar erro 400 caso for informado um número decimal inválido" name="Decimal to Binary API deve retornar erro 400 caso for informado um número decimal inválido" time="0.008">
    </testcase>
  </testsuite>
</testsuites>